vite v7.3.1 building client environment for production...
✓ 0 modules transformed.
✗ Build failed in 16ms
error during build:
Could not resolve entry module "index.html".
    at getRollupError (file:///app/frontend/node_modules/rollup/dist/es/shared/parseAst.js:402:41)
    at error (file:///app/frontend/node_modules/rollup/dist/es/shared/parseAst.js:398:42)
    at ModuleLoader.loadEntryModule (file:///app/frontend/node_modules/rollup/dist/es/shared/node-entry.js:21708:20)
    at async Promise.all (index 0)
